# Generated by goldga. DO NOT EDIT.
[snapshots]
"Examples bool" = '''
(bool) true
'''
"Examples map" = '''
(map[string]interface {}) (len=5) {
 (string) (len=1) "a": (string) (len=3) "str",
 (string) (len=1) "b": (bool) true,
 (string) (len=1) "c": (int) 123,
 (string) (len=1) "d": (float64) 3.14,
 (string) (len=1) "e": ([]string) (len=3) {
  (string) (len=1) "a",
  (string) (len=1) "b",
  (string) (len=1) "c"
 }
}
'''
"Examples multiple gold files in the same test (first gold file)" = '''
(string) (len=3) "foo"
'''
"Examples multiple gold files in the same test (second gold file)" = '''
(string) (len=3) "bar"
'''
"Examples multiple gold files in the same test (third gold file)" = '''
(string) (len=6) "foobar"
'''
"Examples string" = '''
(string) (len=3) "abc"
'''
