# Generated by goldga. DO NOT EDIT.
[snapshots]
"Options WithDescription should append a description to the test name, allowing multiple gold files per test (First Gold File)" = '''
(string) (len=3) "foo"
'''
"Options WithDescription should append a description to the test name, allowing multiple gold files per test (Second Gold File)" = '''
(string) (len=3) "bar"
'''
"Options WithDescription should append a description to the test name, allowing multiple gold files per test (Third Gold File)" = '''
(string) (len=6) "foobar"
'''
